 
2-species diurnal advection-diffusion problem

t = 7.20e+03   no. steps = 219   order = 5   stepsize = 1.59e+02
c1 (bot.left/middle/top rt.) =    1.047e+04     2.964e+04     1.119e+04
c2 (bot.left/middle/top rt.) =    2.527e+11     7.154e+11     2.700e+11

t = 1.44e+04   no. steps = 251   order = 5   stepsize = 3.77e+02
c1 (bot.left/middle/top rt.) =    6.659e+06     5.316e+06     7.301e+06
c2 (bot.left/middle/top rt.) =    2.582e+11     2.057e+11     2.833e+11

t = 2.16e+04   no. steps = 277   order = 5   stepsize = 2.75e+02
c1 (bot.left/middle/top rt.) =    2.665e+07     1.036e+07     2.931e+07
c2 (bot.left/middle/top rt.) =    2.993e+11     1.028e+11     3.313e+11

t = 2.88e+04   no. steps = 307   order = 4   stepsize = 2.03e+02
c1 (bot.left/middle/top rt.) =    8.702e+06     1.292e+07     9.650e+06
c2 (bot.left/middle/top rt.) =    3.380e+11     5.029e+11     3.751e+11

t = 3.60e+04   no. steps = 337   order = 5   stepsize = 1.15e+02
c1 (bot.left/middle/top rt.) =    1.404e+04     2.029e+04     1.561e+04
c2 (bot.left/middle/top rt.) =    3.387e+11     4.894e+11     3.765e+11

t = 4.32e+04   no. steps = 391   order = 5   stepsize = 5.46e+02
c1 (bot.left/middle/top rt.) =    1.666e-07    -1.151e-05     2.097e-07
c2 (bot.left/middle/top rt.) =    3.382e+11     1.355e+11     3.804e+11

t = 5.04e+04   no. steps = 406   order = 5   stepsize = 3.61e+02
c1 (bot.left/middle/top rt.) =   -2.555e-08    -5.151e-06    -5.725e-09
c2 (bot.left/middle/top rt.) =    3.358e+11     4.930e+11     3.864e+11

t = 5.76e+04   no. steps = 425   order = 5   stepsize = 3.61e+02
c1 (bot.left/middle/top rt.) =    8.696e-10     5.089e-08     2.252e-09
c2 (bot.left/middle/top rt.) =    3.320e+11     9.650e+11     3.909e+11

t = 6.48e+04   no. steps = 438   order = 5   stepsize = 8.53e+02
c1 (bot.left/middle/top rt.) =   -1.998e-10     2.676e-07    -8.889e-09
c2 (bot.left/middle/top rt.) =    3.313e+11     8.922e+11     3.963e+11

t = 7.20e+04   no. steps = 447   order = 5   stepsize = 8.53e+02
c1 (bot.left/middle/top rt.) =    1.272e-10     3.282e-08    -4.906e-10
c2 (bot.left/middle/top rt.) =    3.330e+11     6.186e+11     4.039e+11

t = 7.92e+04   no. steps = 455   order = 5   stepsize = 8.53e+02
c1 (bot.left/middle/top rt.) =    8.839e-11     1.110e-08     1.240e-11
c2 (bot.left/middle/top rt.) =    3.334e+11     6.669e+11     4.120e+11

t = 8.64e+04   no. steps = 463   order = 5   stepsize = 8.53e+02
c1 (bot.left/middle/top rt.) =    1.089e-11     8.265e-10     1.786e-11
c2 (bot.left/middle/top rt.) =    3.352e+11     9.106e+11     4.163e+11


Final Statistics.. 

lenrw   =  2696     leniw   =    65
lenrwLS =  2454     leniwLS =    42
nst     =   463
nfe     =   585     nfeLS   =     0
nni     =   582     nli     =   607
nsetups =    73     netf    =    24
npe     =     8     nps     =  1136
ncfn    =     0     ncfl    =     0

