2-species diurnal advection-diffusion problem, 10 by 10 mesh
SPGMR solver; band preconditioner; mu = 2, ml = 2



Preconditioner type is:  jpre = SUN_PREC_LEFT

t = 7.20e+03   no. steps = 190   order = 5   stepsize = 1.61e+02
c1 (bot.left/middle/top rt.) =    1.047e+04     2.964e+04     1.119e+04
c2 (bot.left/middle/top rt.) =    2.527e+11     7.154e+11     2.700e+11

t = 1.44e+04   no. steps = 221   order = 5   stepsize = 3.83e+02
c1 (bot.left/middle/top rt.) =    6.659e+06     5.316e+06     7.301e+06
c2 (bot.left/middle/top rt.) =    2.582e+11     2.057e+11     2.833e+11

t = 2.16e+04   no. steps = 246   order = 5   stepsize = 2.78e+02
c1 (bot.left/middle/top rt.) =    2.665e+07     1.036e+07     2.931e+07
c2 (bot.left/middle/top rt.) =    2.993e+11     1.028e+11     3.313e+11

t = 2.88e+04   no. steps = 296   order = 3   stepsize = 1.41e+02
c1 (bot.left/middle/top rt.) =    8.702e+06     1.292e+07     9.650e+06
c2 (bot.left/middle/top rt.) =    3.380e+11     5.029e+11     3.751e+11

t = 3.60e+04   no. steps = 337   order = 4   stepsize = 1.01e+02
c1 (bot.left/middle/top rt.) =    1.404e+04     2.029e+04     1.561e+04
c2 (bot.left/middle/top rt.) =    3.387e+11     4.894e+11     3.765e+11

t = 4.32e+04   no. steps = 397   order = 4   stepsize = 4.61e+02
c1 (bot.left/middle/top rt.) =    2.741e-13     1.852e-09     2.860e-10
c2 (bot.left/middle/top rt.) =    3.382e+11     1.355e+11     3.804e+11

t = 5.04e+04   no. steps = 413   order = 5   stepsize = 4.27e+02
c1 (bot.left/middle/top rt.) =    2.071e-08     1.302e-05     6.023e-09
c2 (bot.left/middle/top rt.) =    3.358e+11     4.930e+11     3.864e+11

t = 5.76e+04   no. steps = 445   order = 4   stepsize = 2.03e+02
c1 (bot.left/middle/top rt.) =    1.075e-10     3.461e-09     2.529e-10
c2 (bot.left/middle/top rt.) =    3.320e+11     9.650e+11     3.909e+11

t = 6.48e+04   no. steps = 458   order = 5   stepsize = 7.28e+02
c1 (bot.left/middle/top rt.) =   -5.415e-15    -4.724e-12     1.913e-15
c2 (bot.left/middle/top rt.) =    3.313e+11     8.922e+11     3.963e+11

t = 7.20e+04   no. steps = 468   order = 5   stepsize = 7.28e+02
c1 (bot.left/middle/top rt.) =    5.341e-15     4.064e-12    -4.304e-16
c2 (bot.left/middle/top rt.) =    3.330e+11     6.186e+11     4.039e+11

t = 7.92e+04   no. steps = 478   order = 5   stepsize = 7.28e+02
c1 (bot.left/middle/top rt.) =    7.167e-19     7.839e-16     5.290e-16
c2 (bot.left/middle/top rt.) =    3.334e+11     6.669e+11     4.120e+11

t = 8.64e+04   no. steps = 488   order = 5   stepsize = 7.28e+02
c1 (bot.left/middle/top rt.) =   -1.746e-24    -4.277e-19     7.334e-15
c2 (bot.left/middle/top rt.) =    3.352e+11     9.106e+11     4.162e+11


Final Statistics.. 

lenrw   =  2696     leniw   =    65
lenrwls =  2454     leniwls =    42
lenrwbp =  2800     leniwbp =   622
nst     =   488
nfe     =   648     nfetot  =  1325
nfeLS   =   632     nfeBP   =    45
nni     =   645     nli     =   632
nsetups =    95     netf    =    37
npe     =     9     nps     =  1185
ncfn    =     0     ncfl    =     0



-------------------------------------------------------------------


Preconditioner type is:  jpre = SUN_PREC_RIGHT

t = 7.20e+03   no. steps = 219   order = 5   stepsize = 1.55e+02
c1 (bot.left/middle/top rt.) =    1.047e+04     2.964e+04     1.119e+04
c2 (bot.left/middle/top rt.) =    2.527e+11     7.154e+11     2.700e+11

t = 1.44e+04   no. steps = 251   order = 5   stepsize = 3.59e+02
c1 (bot.left/middle/top rt.) =    6.659e+06     5.316e+06     7.301e+06
c2 (bot.left/middle/top rt.) =    2.582e+11     2.057e+11     2.833e+11

t = 2.16e+04   no. steps = 279   order = 5   stepsize = 3.58e+02
c1 (bot.left/middle/top rt.) =    2.665e+07     1.036e+07     2.931e+07
c2 (bot.left/middle/top rt.) =    2.993e+11     1.028e+11     3.313e+11

t = 2.88e+04   no. steps = 303   order = 5   stepsize = 2.67e+02
c1 (bot.left/middle/top rt.) =    8.702e+06     1.292e+07     9.650e+06
c2 (bot.left/middle/top rt.) =    3.380e+11     5.029e+11     3.751e+11

t = 3.60e+04   no. steps = 329   order = 5   stepsize = 1.16e+02
c1 (bot.left/middle/top rt.) =    1.404e+04     2.029e+04     1.561e+04
c2 (bot.left/middle/top rt.) =    3.387e+11     4.894e+11     3.765e+11

t = 4.32e+04   no. steps = 381   order = 4   stepsize = 4.65e+02
c1 (bot.left/middle/top rt.) =    6.465e-09     5.239e-09     7.212e-09
c2 (bot.left/middle/top rt.) =    3.382e+11     1.355e+11     3.804e+11

t = 5.04e+04   no. steps = 398   order = 5   stepsize = 5.38e+02
c1 (bot.left/middle/top rt.) =   -3.309e-11     6.096e-08    -3.239e-10
c2 (bot.left/middle/top rt.) =    3.358e+11     4.930e+11     3.864e+11

t = 5.76e+04   no. steps = 410   order = 5   stepsize = 5.91e+02
c1 (bot.left/middle/top rt.) =    6.558e-14     7.386e-12     2.808e-13
c2 (bot.left/middle/top rt.) =    3.320e+11     9.650e+11     3.909e+11

t = 6.48e+04   no. steps = 422   order = 5   stepsize = 5.91e+02
c1 (bot.left/middle/top rt.) =    1.418e-13    -5.989e-12    -1.356e-13
c2 (bot.left/middle/top rt.) =    3.313e+11     8.922e+11     3.963e+11

t = 7.20e+04   no. steps = 434   order = 5   stepsize = 5.91e+02
c1 (bot.left/middle/top rt.) =    1.725e-18     1.355e-15    -2.409e-17
c2 (bot.left/middle/top rt.) =    3.330e+11     6.186e+11     4.039e+11

t = 7.92e+04   no. steps = 447   order = 5   stepsize = 5.91e+02
c1 (bot.left/middle/top rt.) =    7.942e-25     5.762e-22    -1.438e-25
c2 (bot.left/middle/top rt.) =    3.334e+11     6.669e+11     4.120e+11

t = 8.64e+04   no. steps = 459   order = 5   stepsize = 5.91e+02
c1 (bot.left/middle/top rt.) =   -1.316e-25    -1.130e-22     4.894e-25
c2 (bot.left/middle/top rt.) =    3.352e+11     9.106e+11     4.163e+11


Final Statistics.. 

lenrw   =  2696     leniw   =    65
lenrwls =  2454     leniwls =    42
lenrwbp =  2800     leniwbp =   622
nst     =   459
nfe     =   575     nfetot  =  1356
nfeLS   =   741     nfeBP   =    40
nni     =   572     nli     =   741
nsetups =    74     netf    =    23
npe     =     8     nps     =  1222
ncfn    =     0     ncfl    =     0

