
2-species diurnal advection-diffusion problem
Sensitivity: YES ( SIMULTANEOUS + FULL ERROR CONTROL )

========================================================================
     T     Q       H      NST                    Bottom left  Top right 
========================================================================
7.200e+03  3  2.984e+01   653
                                Solution         1.0593e+04   1.1152e+04 
                                                 2.5567e+11   2.6917e+11 
                                ----------------------------------------
                                Sensitivity 1   -6.4963e+19  -6.8394e+19 
                                                 7.2120e+19   7.6304e+19 
                                ----------------------------------------
                                Sensitivity 2   -4.4900e+14  -4.9768e+14 
                                                -2.5039e+18  -2.7672e+18 
------------------------------------------------------------------------
1.440e+04  3  3.541e+01  1313
                                Solution         6.9172e+06   7.2517e+06 
                                                 2.6829e+11   2.8137e+11 
                                ----------------------------------------
                                Sensitivity 1   -4.2432e+22  -4.4483e+22 
                                                 6.2762e+22   6.6563e+22 
                                ----------------------------------------
                                Sensitivity 2   -4.8955e+17  -5.3580e+17 
                                                -7.1116e+21  -7.7236e+21 
------------------------------------------------------------------------
2.160e+04  2  2.245e+01  2004
                                Solution         2.7558e+07   2.9196e+07 
                                                 3.1024e+11   3.3000e+11 
                                ----------------------------------------
                                Sensitivity 1   -1.6903e+23  -1.7907e+23 
                                                 4.0588e+23   4.4683e+23 
                                ----------------------------------------
                                Sensitivity 2   -8.2851e+18  -9.3610e+18 
                                                -8.2851e+22  -9.3662e+22 
------------------------------------------------------------------------
2.880e+04  3  7.575e+01  2410
                                Solution         8.9631e+06   9.8602e+06 
                                                 3.4824e+11   3.8331e+11 
                                ----------------------------------------
                                Sensitivity 1   -5.4975e+22  -6.0476e+22 
                                                 5.8239e+23   7.0578e+23 
                                ----------------------------------------
                                Sensitivity 2   -5.2367e+18  -6.4006e+18 
                                                -1.8450e+23  -2.2574e+23 
------------------------------------------------------------------------
3.600e+04  2  8.909e+00  2619
                                Solution         1.4433e+04   1.6660e+04 
                                                 3.4814e+11   4.0186e+11 
                                ----------------------------------------
                                Sensitivity 1   -8.8547e+19  -1.0220e+20 
                                                 5.6473e+23   7.6273e+23 
                                ----------------------------------------
                                Sensitivity 2   -9.0220e+15  -1.2170e+16 
                                                -1.9753e+23  -2.6679e+23 
------------------------------------------------------------------------
4.320e+04  3  2.658e+02  2941
                                Solution        -1.2255e-09  -1.5551e-09 
                                                 3.4900e+11   4.0867e+11 
                                ----------------------------------------
                                Sensitivity 1   -2.0045e+08   1.4041e+08 
                                                 5.7083e+23   7.9553e+23 
                                ----------------------------------------
                                Sensitivity 2   -2.1152e+02   3.8101e+03 
                                                -1.9969e+23  -2.7830e+23 
------------------------------------------------------------------------
5.040e+04  3  2.658e+02  2968
                                Solution        -5.8409e-16  -5.4748e-16 
                                                 3.5569e+11   4.1225e+11 
                                ----------------------------------------
                                Sensitivity 1    9.3367e+02   7.5058e+02 
                                                 5.9552e+23   8.1822e+23 
                                ----------------------------------------
                                Sensitivity 2    9.8708e-03   9.2921e-03 
                                                -2.0833e+23  -2.8624e+23 
------------------------------------------------------------------------
5.760e+04  4  1.253e+02  3010
                                Solution         3.0010e-09   3.2234e-10 
                                                 3.6425e+11   4.1628e+11 
                                ----------------------------------------
                                Sensitivity 1    1.1609e+09   1.3150e+08 
                                                 6.2592e+23   8.4334e+23 
                                ----------------------------------------
                                Sensitivity 2   -1.3302e+04  -1.0289e+03 
                                                -2.1897e+23  -2.9502e+23 
------------------------------------------------------------------------
6.480e+04  4  1.253e+02  3067
                                Solution        -1.0761e-07  -1.3224e-09 
                                                 3.6334e+11   4.2182e+11 
                                ----------------------------------------
                                Sensitivity 1    5.0006e+09   8.2188e+07 
                                                 6.2461e+23   8.7310e+23 
                                ----------------------------------------
                                Sensitivity 2    3.1430e+04   2.1149e+02 
                                                -2.1850e+23  -3.0543e+23 
------------------------------------------------------------------------
7.200e+04  4  3.522e+02  3109
                                Solution         2.5027e-13  -6.4654e-15 
                                                 3.6192e+11   4.3354e+11 
                                ----------------------------------------
                                Sensitivity 1   -6.2092e+05   1.7519e+04 
                                                 6.2310e+23   9.2796e+23 
                                ----------------------------------------
                                Sensitivity 2   -6.5976e+00   1.9606e-01 
                                                -2.1798e+23  -3.2463e+23 
------------------------------------------------------------------------
7.920e+04  5  5.331e+02  3125
                                Solution         5.9629e-15  -1.9457e-16 
                                                 3.6148e+11   4.4474e+11 
                                ----------------------------------------
                                Sensitivity 1   -9.3088e+03   3.5260e+02 
                                                 6.2481e+23   9.8067e+23 
                                ----------------------------------------
                                Sensitivity 2   -6.7114e-02   3.2232e-03 
                                                -2.1858e+23  -3.4307e+23 
------------------------------------------------------------------------
8.640e+04  5  5.331e+02  3138
                                Solution         7.0356e-16  -2.5898e-17 
                                                 3.6318e+11   4.4524e+11 
                                ----------------------------------------
                                Sensitivity 1   -5.8191e+02   2.1621e+01 
                                                 6.3248e+23   9.8819e+23 
                                ----------------------------------------
                                Sensitivity 2   -6.9598e-03   3.2170e-04 
                                                -2.2126e+23  -3.4570e+23 
------------------------------------------------------------------------

Final Statistics

nst     =  3138

nfe     =  4773
netf    =   216    nsetups  =   626
nni     =  4771    ncfn     =    32

nfSe    =  9546    nfeS     = 19092
netfs   =     0    nsetupsS =     0
nniS    =     0    ncfnS    =     0

nli     =  9717    ncfl     =     0
npe     =    84    nps      = 21064
