
2-species diurnal advection-diffusion problem
Sensitivity: YES ( STAGGERED + FULL ERROR CONTROL )

========================================================================
     T     Q       H      NST                    Bottom left  Top right 
========================================================================
7.200e+03  3  2.886e+01   512
                                Solution         1.0593e+04   1.1152e+04 
                                                 2.5567e+11   2.6917e+11 
                                ----------------------------------------
                                Sensitivity 1   -6.4963e+19  -6.8394e+19 
                                                 7.2120e+19   7.6303e+19 
                                ----------------------------------------
                                Sensitivity 2   -4.4900e+14  -4.9768e+14 
                                                -2.5039e+18  -2.7672e+18 
------------------------------------------------------------------------
1.440e+04  5  1.863e+02   574
                                Solution         6.9172e+06   7.2517e+06 
                                                 2.6829e+11   2.8137e+11 
                                ----------------------------------------
                                Sensitivity 1   -4.2432e+22  -4.4483e+22 
                                                 6.2762e+22   6.6563e+22 
                                ----------------------------------------
                                Sensitivity 2   -4.8955e+17  -5.3580e+17 
                                                -7.1115e+21  -7.7236e+21 
------------------------------------------------------------------------
2.160e+04  4  1.631e+02   811
                                Solution         2.7558e+07   2.9196e+07 
                                                 3.1024e+11   3.3000e+11 
                                ----------------------------------------
                                Sensitivity 1   -1.6903e+23  -1.7907e+23 
                                                 4.0588e+23   4.4683e+23 
                                ----------------------------------------
                                Sensitivity 2   -8.2851e+18  -9.3610e+18 
                                                -8.2851e+22  -9.3662e+22 
------------------------------------------------------------------------
2.880e+04  4  1.462e+02   861
                                Solution         8.9631e+06   9.8602e+06 
                                                 3.4824e+11   3.8331e+11 
                                ----------------------------------------
                                Sensitivity 1   -5.4975e+22  -6.0476e+22 
                                                 5.8239e+23   7.0579e+23 
                                ----------------------------------------
                                Sensitivity 2   -5.2367e+18  -6.4007e+18 
                                                -1.8450e+23  -2.2574e+23 
------------------------------------------------------------------------
3.600e+04  4  1.547e+02   897
                                Solution         1.4433e+04   1.6660e+04 
                                                 3.4814e+11   4.0186e+11 
                                ----------------------------------------
                                Sensitivity 1   -8.8547e+19  -1.0220e+20 
                                                 5.6474e+23   7.6273e+23 
                                ----------------------------------------
                                Sensitivity 2   -9.0220e+15  -1.2170e+16 
                                                -1.9753e+23  -2.6679e+23 
------------------------------------------------------------------------
4.320e+04  4  3.025e+02   967
                                Solution        -2.2488e-08  -2.4010e-08 
                                                 3.4900e+11   4.0867e+11 
                                ----------------------------------------
                                Sensitivity 1    5.6058e+07   4.6610e+07 
                                                 5.7083e+23   7.9553e+23 
                                ----------------------------------------
                                Sensitivity 2    6.7577e+06   9.4144e+06 
                                                -1.9969e+23  -2.7830e+23 
------------------------------------------------------------------------
5.040e+04  5  4.961e+02   982
                                Solution         4.2103e-09   7.5550e-10 
                                                 3.5570e+11   4.1225e+11 
                                ----------------------------------------
                                Sensitivity 1   -7.5291e+07  -8.8599e+06 
                                                 5.9553e+23   8.1823e+23 
                                ----------------------------------------
                                Sensitivity 2   -7.6308e+05  -1.0333e+06 
                                                -2.0833e+23  -2.8624e+23 
------------------------------------------------------------------------
5.760e+04  5  2.179e+02  1001
                                Solution         8.4788e-09   1.9383e-08 
                                                 3.6425e+11   4.1628e+11 
                                ----------------------------------------
                                Sensitivity 1   -7.6507e+07  -1.9460e+08 
                                                 6.2592e+23   8.4334e+23 
                                ----------------------------------------
                                Sensitivity 2    6.4750e+04   9.1143e+04 
                                                -2.1896e+23  -2.9502e+23 
------------------------------------------------------------------------
6.480e+04  4  1.942e+02  1057
                                Solution        -2.7398e-09  -5.3491e-09 
                                                 3.6334e+11   4.2182e+11 
                                ----------------------------------------
                                Sensitivity 1   -1.9340e+08  -4.0860e+08 
                                                 6.2461e+23   8.7310e+23 
                                ----------------------------------------
                                Sensitivity 2   -2.4346e+07  -4.9050e+07 
                                                -2.1851e+23  -3.0543e+23 
------------------------------------------------------------------------
7.200e+04  5  4.968e+02  1082
                                Solution        -6.0170e-10  -1.1638e-09 
                                                 3.6192e+11   4.3354e+11 
                                ----------------------------------------
                                Sensitivity 1    1.5995e+07   3.0194e+07 
                                                 6.2310e+23   9.2797e+23 
                                ----------------------------------------
                                Sensitivity 2   -1.0918e+05  -2.1650e+05 
                                                -2.1798e+23  -3.2463e+23 
------------------------------------------------------------------------
7.920e+04  5  4.968e+02  1097
                                Solution        -4.1268e-12  -8.2288e-12 
                                                 3.6148e+11   4.4474e+11 
                                ----------------------------------------
                                Sensitivity 1    1.4602e+06   2.8216e+06 
                                                 6.2481e+23   9.8067e+23 
                                ----------------------------------------
                                Sensitivity 2   -1.1233e+04  -2.2516e+04 
                                                -2.1858e+23  -3.4306e+23 
------------------------------------------------------------------------
8.640e+04  5  4.968e+02  1111
                                Solution         3.3744e-15   3.5641e-15 
                                                 3.6318e+11   4.4524e+11 
                                ----------------------------------------
                                Sensitivity 1    7.6736e+04   1.4885e+05 
                                                 6.3248e+23   9.8820e+23 
                                ----------------------------------------
                                Sensitivity 2   -6.3403e+02  -1.2725e+03 
                                                -2.2126e+23  -3.4570e+23 
------------------------------------------------------------------------

Final Statistics

nst     =  1111

nfe     =  2360
netf    =     6    nsetups  =   154
nni     =  1206    ncfn     =     0

nfSe    =  2658    nfeS     =  5316
netfs   =    41    nsetupsS =     0
nniS    =  1327    ncfnS    =     0

nli     =  3425    ncfl     =     0
npe     =    20    nps      =  6786
