
2-species diurnal advection-diffusion problem
  10 by 10 mesh on 4 processors
  Using ARKBBDPRE preconditioner module
    Difference-quotient half-bandwidths are mudq = 10,  mldq = 10
    Retained band block half-bandwidths are mukeep = 2,  mlkeep = 2

Preconditioner type is:  jpre = SUN_PREC_LEFT

t = 7.20e+03   no. steps = 70   stepsize = 1.17e+02
At bottom left:  c1, c2 =    1.047e+04    2.527e+11 
At top right:    c1, c2 =    1.118e+04    2.700e+11 

t = 1.44e+04   no. steps = 97   stepsize = 5.42e+02
At bottom left:  c1, c2 =    6.659e+06    2.582e+11 
At top right:    c1, c2 =    7.301e+06    2.833e+11 

t = 2.16e+04   no. steps = 115   stepsize = 6.88e+02
At bottom left:  c1, c2 =    2.665e+07    2.993e+11 
At top right:    c1, c2 =    2.931e+07    3.313e+11 

t = 2.88e+04   no. steps = 133   stepsize = 2.57e+02
At bottom left:  c1, c2 =    8.702e+06    3.380e+11 
At top right:    c1, c2 =    9.650e+06    3.751e+11 

t = 3.60e+04   no. steps = 161   stepsize = 7.53e+01
At bottom left:  c1, c2 =    1.404e+04    3.387e+11 
At top right:    c1, c2 =    1.561e+04    3.765e+11 

t = 4.32e+04   no. steps = 201   stepsize = 1.78e+03
At bottom left:  c1, c2 =   -1.339e-07    3.382e+11 
At top right:    c1, c2 =    4.458e-06    3.804e+11 

t = 5.04e+04   no. steps = 205   stepsize = 1.30e+03
At bottom left:  c1, c2 =   -1.120e-06    3.358e+11 
At top right:    c1, c2 =    5.028e-07    3.864e+11 

t = 5.76e+04   no. steps = 211   stepsize = 2.61e+02
At bottom left:  c1, c2 =    2.304e-09    3.320e+11 
At top right:    c1, c2 =    3.415e-09    3.909e+11 

t = 6.48e+04   no. steps = 216   stepsize = 1.94e+03
At bottom left:  c1, c2 =   -1.762e-07    3.313e+11 
At top right:    c1, c2 =   -1.956e-06    3.963e+11 

t = 7.20e+04   no. steps = 220   stepsize = 2.10e+03
At bottom left:  c1, c2 =   -3.297e-08    3.330e+11 
At top right:    c1, c2 =    7.118e-07    4.039e+11 

t = 7.92e+04   no. steps = 223   stepsize = 2.32e+03
At bottom left:  c1, c2 =   -3.113e-07    3.334e+11 
At top right:    c1, c2 =    3.116e-06    4.120e+11 

t = 8.64e+04   no. steps = 226   stepsize = 2.41e+03
At bottom left:  c1, c2 =    5.520e-07    3.352e+11 
At top right:    c1, c2 =   -5.018e-06    4.163e+11 


Final Statistics: 

lenrw   =  4118     leniw   =   291
lenrwls =  2455     leniwls =   126
nst     =   226     nfe     =     0
nfe     =  3363     nfels   =  6972
nni     =  2110     nli     =  6972
nsetups =    77     netf    =    24
npe     =     4     nps     =  9000
ncfn    =     0     ncfl    =   534

In ARKBBDPRE: real/integer local work space sizes = 1300, 192
             no. flocal evals. = 88


-------------------------------------------------------------------


Preconditioner type is:  jpre = SUN_PREC_RIGHT

t = 7.20e+03   no. steps = 69   stepsize = 1.17e+02
At bottom left:  c1, c2 =    1.047e+04    2.527e+11 
At top right:    c1, c2 =    1.118e+04    2.700e+11 

t = 1.44e+04   no. steps = 96   stepsize = 5.40e+02
At bottom left:  c1, c2 =    6.659e+06    2.582e+11 
At top right:    c1, c2 =    7.301e+06    2.833e+11 

t = 2.16e+04   no. steps = 114   stepsize = 6.89e+02
At bottom left:  c1, c2 =    2.665e+07    2.993e+11 
At top right:    c1, c2 =    2.931e+07    3.313e+11 

t = 2.88e+04   no. steps = 131   stepsize = 1.94e+02
At bottom left:  c1, c2 =    8.702e+06    3.380e+11 
At top right:    c1, c2 =    9.650e+06    3.751e+11 

t = 3.60e+04   no. steps = 159   stepsize = 7.48e+01
At bottom left:  c1, c2 =    1.404e+04    3.387e+11 
At top right:    c1, c2 =    1.561e+04    3.765e+11 

t = 4.32e+04   no. steps = 199   stepsize = 1.76e+03
At bottom left:  c1, c2 =   -1.411e-07    3.382e+11 
At top right:    c1, c2 =   -1.598e-07    3.804e+11 

t = 5.04e+04   no. steps = 203   stepsize = 1.29e+03
At bottom left:  c1, c2 =    1.379e-08    3.358e+11 
At top right:    c1, c2 =   -1.821e-08    3.864e+11 

t = 5.76e+04   no. steps = 210   stepsize = 7.26e+02
At bottom left:  c1, c2 =    5.031e-15    3.320e+11 
At top right:    c1, c2 =    2.131e-13    3.909e+11 

t = 6.48e+04   no. steps = 214   stepsize = 2.05e+03
At bottom left:  c1, c2 =   -4.619e-12    3.313e+11 
At top right:    c1, c2 =    1.070e-10    3.963e+11 

t = 7.20e+04   no. steps = 218   stepsize = 2.19e+03
At bottom left:  c1, c2 =    6.198e-08    3.330e+11 
At top right:    c1, c2 =    8.649e-07    4.039e+11 

t = 7.92e+04   no. steps = 221   stepsize = 2.32e+03
At bottom left:  c1, c2 =    5.697e-08    3.334e+11 
At top right:    c1, c2 =    1.397e-07    4.120e+11 

t = 8.64e+04   no. steps = 224   stepsize = 2.47e+03
At bottom left:  c1, c2 =   -1.180e-08    3.352e+11 
At top right:    c1, c2 =    6.919e-08    4.163e+11 


Final Statistics: 

lenrw   =  4118     leniw   =   297
lenrwls =  2455     leniwls =   126
nst     =   224     nfe     =     0
nfe     =  3306     nfels   =  7713
nni     =  2063     nli     =  7713
nsetups =    81     netf    =    24
npe     =     8     nps     =  9687
ncfn    =     4     ncfl    =   958

In ARKBBDPRE: real/integer local work space sizes = 1300, 192
             no. flocal evals. = 176
