
2-species diurnal advection-diffusion problem
Sensitivity: YES ( STAGGERED + FULL ERROR CONTROL )

========================================================================
     T     Q       H      NST                    Bottom left  Top right 
========================================================================
7.200e+03  4  6.442e+01   456
                                Solution         1.0468e+04   1.1185e+04 
                                                 2.5267e+11   2.6998e+11 
                                ----------------------------------------
                                Sensitivity 1   -6.4201e+19  -6.8598e+19 
                                                 7.1178e+19   7.6557e+19 
                                ----------------------------------------
                                Sensitivity 2   -4.3853e+14  -5.0065e+14 
                                                -2.4408e+18  -2.7843e+18 
------------------------------------------------------------------------
1.440e+04  4  1.090e+02   519
                                Solution         6.6590e+06   7.3008e+06 
                                                 2.5819e+11   2.8329e+11 
                                ----------------------------------------
                                Sensitivity 1   -4.0848e+22  -4.4785e+22 
                                                 5.9549e+22   6.7173e+22 
                                ----------------------------------------
                                Sensitivity 2   -4.5235e+17  -5.4317e+17 
                                                -6.5418e+21  -7.8315e+21 
------------------------------------------------------------------------
2.160e+04  5  1.728e+02   562
                                Solution         2.6650e+07   2.9308e+07 
                                                 2.9928e+11   3.3134e+11 
                                ----------------------------------------
                                Sensitivity 1   -1.6346e+23  -1.7976e+23 
                                                 3.8203e+23   4.4991e+23 
                                ----------------------------------------
                                Sensitivity 2   -7.6601e+18  -9.4433e+18 
                                                -7.6459e+22  -9.4502e+22 
------------------------------------------------------------------------
2.880e+04  4  1.740e+02   605
                                Solution         8.7021e+06   9.6501e+06 
                                                 3.3804e+11   3.7510e+11 
                                ----------------------------------------
                                Sensitivity 1   -5.3375e+22  -5.9187e+22 
                                                 5.4487e+23   6.7430e+23 
                                ----------------------------------------
                                Sensitivity 2   -4.8855e+18  -6.1040e+18 
                                                -1.7194e+23  -2.1518e+23 
------------------------------------------------------------------------
3.600e+04  4  8.152e+01   650
                                Solution         1.4040e+04   1.5609e+04 
                                                 3.3868e+11   3.7652e+11 
                                ----------------------------------------
                                Sensitivity 1   -8.6141e+19  -9.5761e+19 
                                                 5.2718e+23   6.6030e+23 
                                ----------------------------------------
                                Sensitivity 2   -8.4328e+15  -1.0549e+16 
                                                -1.8439e+23  -2.3096e+23 
------------------------------------------------------------------------
4.320e+04  4  1.807e+02   716
                                Solution         4.3849e-07   4.8692e-07 
                                                 3.3823e+11   3.8035e+11 
                                ----------------------------------------
                                Sensitivity 1   -1.8038e+09  -2.0012e+09 
                                                 5.2753e+23   6.7448e+23 
                                ----------------------------------------
                                Sensitivity 2    1.8791e+07   2.2600e+07 
                                                -1.8455e+23  -2.3595e+23 
------------------------------------------------------------------------
5.040e+04  4  2.973e+02   763
                                Solution         5.8649e-13   1.1598e-12 
                                                 3.3582e+11   3.8645e+11 
                                ----------------------------------------
                                Sensitivity 1    1.0914e+08   1.2515e+08 
                                                 5.2067e+23   6.9664e+23 
                                ----------------------------------------
                                Sensitivity 2    5.7063e+03   4.7505e+03 
                                                -1.8214e+23  -2.4371e+23 
------------------------------------------------------------------------
5.760e+04  5  3.194e+02   779
                                Solution        -2.1167e-13  -4.8313e-13 
                                                 3.3203e+11   3.9090e+11 
                                ----------------------------------------
                                Sensitivity 1    3.2266e+07   3.6718e+07 
                                                 5.0825e+23   7.1206e+23 
                                ----------------------------------------
                                Sensitivity 2    1.7061e+03   1.4244e+03 
                                                -1.7780e+23  -2.4910e+23 
------------------------------------------------------------------------
6.480e+04  5  3.625e+02   802
                                Solution        -6.0596e-08  -1.4191e-07 
                                                 3.3130e+11   3.9634e+11 
                                ----------------------------------------
                                Sensitivity 1    1.2981e+08   2.9999e+08 
                                                 5.0442e+23   7.3274e+23 
                                ----------------------------------------
                                Sensitivity 2   -7.3058e+06  -3.8580e+07 
                                                -1.7646e+23  -2.5633e+23 
------------------------------------------------------------------------
7.200e+04  3  2.012e+02   834
                                Solution        -1.0993e-10  -2.8400e-10 
                                                 3.3297e+11   4.0389e+11 
                                ----------------------------------------
                                Sensitivity 1    2.9624e+06   7.6473e+06 
                                                 5.0783e+23   7.6382e+23 
                                ----------------------------------------
                                Sensitivity 2    7.9950e+04   4.1258e+05 
                                                -1.7765e+23  -2.6721e+23 
------------------------------------------------------------------------
7.920e+04  5  5.597e+02   850
                                Solution        -9.5775e-15  -2.4666e-14 
                                                 3.3344e+11   4.1203e+11 
                                ----------------------------------------
                                Sensitivity 1   -1.7091e+03  -4.4197e+03 
                                                 5.0731e+23   7.9960e+23 
                                ----------------------------------------
                                Sensitivity 2   -1.5250e+01  -7.9003e+01 
                                                -1.7747e+23  -2.7972e+23 
------------------------------------------------------------------------
8.640e+04  5  5.597e+02   863
                                Solution         1.6149e-18   2.3373e-18 
                                                 3.3518e+11   4.1625e+11 
                                ----------------------------------------
                                Sensitivity 1    9.0665e+01   2.3661e+02 
                                                 5.1171e+23   8.2143e+23 
                                ----------------------------------------
                                Sensitivity 2    7.1765e-01   3.7332e+00 
                                                -1.7901e+23  -2.8736e+23 
------------------------------------------------------------------------

Final Statistics

nst     =   863

nfe     =  1870
netf    =    12    nsetups  =   119
nni     =   981    ncfn     =     0

nfSe    =  2036    nfeS     =  4072
netfs   =    24    nsetupsS =     0
nniS    =  1016    ncfnS    =     0
